Solving a one dimensional problem Richards problem. 
Solving for one dimensional problem
My GOD this was hard!
